python : <frozen importlib._bootstrap>:488: Warning: Numpy built with MINGW-W64 on Windows 64 bits is experimental, and
 only available for 
At line:1 char:1
+ python tests\test_phase0.py > tests\test_output.txt 2>&1; Get-Content ...
+ ~~~~~~~~~~~~~~~~~~~~~~~~~~~~~~~~~~~~~~~~~~~~~~~~~~~~~~~~
    + CategoryInfo          : NotSpecified: (<frozen importl... available for :String) [], RemoteException
    + FullyQualifiedErrorId : NativeCommandError
 
testing. You are advised not to use it for production. 

CRASHES ARE TO BE EXPECTED - PLEASE REPORT THEM TO NUMPY DEVELOPERS
C:\Users\mirac\AppData\Local\Programs\Python\Python313\Lib\site-packages\numpy\core\getlimits.py:225: RuntimeWarning: i
nvalid value encountered in exp2
  epsneg_f128 = exp2(ld(-113))
C:\Users\mirac\AppData\Local\Programs\Python\Python313\Lib\site-packages\numpy\core\getlimits.py:226: RuntimeWarning: i
nvalid value encountered in exp2
  tiny_f128 = exp2(ld(-16382))
C:\Users\mirac\AppData\Local\Programs\Python\Python313\Lib\site-packages\numpy\core\getlimits.py:240: RuntimeWarning: i
nvalid value encountered in exp2
  eps=exp2(ld(-112)),
C:\Users\mirac\AppData\Local\Programs\Python\Python313\Lib\site-packages\numpy\core\getlimits.py:41: RuntimeWarning: in
valid value encountered in nextafter
  self._smallest_subnormal = nextafter(
C:\Users\mirac\AppData\Local\Programs\Python\Python313\Lib\site-packages\numpy\core\getlimits.py:52: RuntimeWarning: in
valid value encountered in log10
  self.precision = int(-log10(self.eps))
